border_size=1
usage=map

Wo          , Wo          , Wo          , Wo          , Wo          , Wo          , Wo          , Wo          , Wo          , Wo          , Wo          , Wo          , Wo          , Wo          , Wo          , Wo          , Wo          , Wo          , Wo          , Ww          , Ww          , Ww          , Ww          , Ww          , Ww          , Ds          , Ds          , Ds          , Ds          , Gs^Ft       , Ds          , Gs^Ft       , Gs^Ft       , Gs^Ft       , Gs^Ft       , Gs^Ft       , Gs^Ft       , Gs^Ft       , Ds          
Wwr         , Wo          , Wo          , Wo          , Wo          , Wo          , Wwr         , Wwr         , Wo          , Wo          , Wo          , Wo          , Ww          , Wo          , Ww^Vm       , Wo          , Wo          , Wo          , Wo          , Wo          , Wo          , Ww          , Ww          , Ww          , Ww          , Ww          , Ww          , Ds          , Ds          , Ds          , Ds          , Ds          , Ds          , Ds          , Ds          , Ds          , Ds          , Ds          , Ds          
Wwr         , Wwr         , Wo          , Wo          , 1 Wo        , Wo          , Wo          , Wwr         , Wo          , Wo          , Ww          , Ww          , Ww          , Ww          , Ww          , Wo          , Wo          , Wo          , Wo          , Wo          , Wo          , Ww^Vm       , Wo          , Wo          , Wo          , Ww          , Ww          , Ww          , Ww          , Ww          , Ww          , Ds          , Ww          , Ds          , Ww          , Ds          , Ds          , Ds          , Ww          
Wo          , Wo          , Wo          , Wo          , Wo          , Wo          , Ww          , Wo          , Ww          , Ww          , Ww          , Ww          , Ds          , Ww          , Ww          , Ww          , Ww          , Wo          , Wo          , Wo          , Wo          , Wo          , Wo          , Wo          , Wo          , Ww          , Wo          , Ww          , Ww^Vm       , Ww          , Ww          , Ww          , Ww          , Ww          , Ww          , Ww          , Ww          , Ww          , Ww          
Wo          , Wo          , Wo          , Wo          , Ww          , Ww          , Ww          , Ww          , Ww          , Ww          , Ds          , Ds          , Ds          , Chw         , Ww          , Ww          , Ww          , Wo          , Ww          , Wo          , Wo          , Wo          , Wo          , Wo          , Wo          , Wo          , Wo          , Wo          , Wo          , Ww          , Wo          , Ww          , Wo          , Ww          , Wo          , Ww          , Ww          , Ww          , Wo          
Ww          , Wo          , Ww          , Ww          , Ww          , Ww          , Ww          , Ww          , Ww          , Ww          , Ds          , Dd          , Ds          , Chw         , Chw         , Ww          , Ww          , Ww          , Ww          , Ww          , Wo          , Wo          , Wo          , Wo          , Ww          , Wo          , Ww          , Wo          , Wo          , Wo          , Wo          , Wo          , Wo          , Wo          , Wo          , Wo          , Wo          , Wo          , Wo          
Ww          , Ww          , Ww          , Ww          , Ww          , Ww          , Ds          , Ww          , Ds          , Ds          , Dd^Vda      , Ds          , Ds          , Ke          , Chw         , Chw         , Ds          , Ww          , Ww          , Ww          , Ww          , Wo          , Wo          , Wo          , Ww          , Ww          , Ww          , Ww          , Ww          , Wo          , Ww          , Wo          , Ww          , Wo          , Ww          , Wo          , Wo          , Wo          , Ww          
Ww          , Ww          , Ww          , Ww          , Ds          , Ds          , Ds          , Ds          , Ds          , Ds          , Ds          , Ds          , Dd^Dc       , Ds          , Ds          , Ds          , Dd^Dc       , Ds          , Wwf         , Ww          , Ww          , Wo          , Wo          , Ww          , Ww          , Ww          , Ds          , Ww          , Ds          , Ww          , Ww          , Ww          , Ww          , Ww          , Ww          , Ww          , Ww          , Ww          , Ww          
Ww          , Ww          , Ds          , Ds          , Dd^Vdt      , Ds          , Ds          , Dd^Dc       , Ds          , Ds          , Ds          , Ds          , Ds          , Ds          , Ds          , Ds          , Ds          , Ds          , Ds          , Ww          , Ww          , Wo          , Wo          , Wo          , Wo          , Ww          , Ww          , Ds          , Dd^Dc       , Ds          , Ds          , Ww          , Ds          , Ww          , Ds          , Ww          , Ww          , Ww          , Ds          
Ds          , Ds          , Ds          , Ds          , Ds          , Ds          , Ds          , Ds          , Gg          , Gg          , Gg          , Gg          , Gg          , Gg          , Gg          , Gg          , Ds          , Dd^Vdt      , Ds          , Wwf         , Ww          , Ww          , Wo          , Wo          , Ww          , Ww          , Ww^Bw/      , Ds          , Ds          , Ds          , Ds          , Ds          , Ds          , Ds          , Ds          , Ds          , Ds          , Ds          , Ds          
Ds          , Ds          , Gg          , Gg          , Gg          , Gg          , Ds          , Gg          , Gg          , Gs^Fds      , Gs^Fds      , Gs^Fds      , Gg          , Gg          , Gg          , Ds          , Ds          , Ds          , Dd^Dc       , Ds          , Wwf         , Ww          , Ww          , Wo          , Wo^Bw/      , Ww^Bw/      , Ww          , Ww          , Ds          , Dd^Vda      , Ds          , Ds          , Gs^Ft       , Gs^Ft       , Gg          , Ds          , Gg          , Ds          , Gg          
Gg          , Ds          , Gg          , Gs^Ft       , Gs^Ft       , Gg          , Gg          , Gg          , Gs^Fds      , Gs^Fds      , Gs^Fds      , Gs^Fds      , Gg          , Ss          , Ss          , Gg          , Gg          , Ds          , Ds          , Ds          , Ds          , Wwf         , Ww^Bw/      , Wo^Bw/      , Wo          , Ww          , Wo          , Ww          , Ww          , Ds          , Ds          , Gs^Ft       , Gg          , Gg          , Gg          , Gg          , Hh^Fmw      , Gg          , Hh^Fmw      
Gg          , Gg          , Gg          , Gg          , Gg          , Gg          , Ss          , Gg          , Gg          , Gg          , Gg          , Gg          , Ss          , Ss          , Gg          , Gg          , Gg          , Ds          , Ce          , Ds          , Ds          , Ww^Bw/      , Wwf         , Wwf         , Wo          , Wo          , Wo          , Ww          , Ww          , Ds          , Ds          , Ds          , Gg          , Gg^Vo       , Gg          , Hh^Fmw      , Hh^Fdw      , Hh          , Mm          
Ss          , Ss          , Gs          , Ss          , Ss          , Ss          , Ss          , Gg          , Gg          , Gg          , Gg          , Ss          , Ss^Vm       , Gs          , Gg          , Gs^Fms      , Gs^Fms      , Ce          , 4 Ke        , Ce          , Ds          , Wwf         , Wwf         , Ww          , Wo          , Wo          , Wo          , Wo          , Ww          , Ss          , Ss          , Gs          , Gs          , Gg          , Hh^Fmw      , Hh^Fdw      , Mm          , Mm          , Mm          
Ss          , Gs          , Ss          , Ss^Vhs      , Gs          , Ss          , Ss          , Ss          , Gg          , Gg          , Ss          , Ss          , Ss          , Ss          , Ss          , Ss          , Gs^Fms      , Ce          , Ce          , Ce          , Ds          , Ds          , Ww          , Ww          , Ww          , Wo          , Wo          , Ww          , Ww          , Ww          , Ss          , Gs          , Ce          , Gg          , Gg          , Hh^Fdw      , Mm          , Mm          , Mm          
Ss          , Gs          , Ss          , Ss          , Gs          , Gs          , Gs          , Ss          , Gs          , Ss          , Ss          , Ss          , Ss          , Gs          , Gs          , Gg          , Gg          , Gg          , Gg          , Ds          , Ds          , Ds          , Ww          , Ww          , Ww          , Wo          , Wo          , Wo          , Ww          , Ww          , Ss          , Ce          , 3 Ke        , Ce          , Gg          , Hh^Fdw      , Hh^Fdw      , Mm          , Mm          
Gg          , Ss          , Ss          , Ss          , Ss          , Ss          , Gs          , Ss          , Ss          , Gs          , Ss          , Ss          , Gs          , Gs          , Ss          , Gg          , Ss          , Gg          , Gg          , Gg          , Ds          , Ds          , Ds          , Ww          , Ww          , Ww          , Wo          , Wo          , Wo          , Ww          , Ww          , Ce          , Ce          , Ce          , Gg          , Gg          , Hh^Fdw      , Mm          , Mm          
Ss          , Ss          , Ss          , Ss          , Chs         , Ss          , Ss          , Ss          , Ss^Vhs      , Ss          , Ss          , Ss          , Ss          , Ss          , Ss          , Ss^Vm       , Gg          , Gg          , Gg          , Ds          , Ds          , Ds          , Ds          , Ww          , Ww          , Ww          , Wo          , Wo          , Wo          , Ww          , Ww          , Ss          , Ss          , Gs          , Ss          , Gg          , Gg^Vo       , Hh^Fdw      , Mm          
Gs          , Gs          , Gs          , Chs         , 2 Khs       , Chs         , Ss          , Ss          , Ss          , Ss          , Gs          , Ss          , Gs          , Ss          , Gs          , Ss          , Gs          , Gs          , Gs          , Gg          , Ds          , Ds          , Dd^Vdt      , Ds          , Ww          , Ww          , Ww          , Wo          , Wo          , Ww^Vm       , Ww          , Ww          , Ww          , Ss          , Ss          , Gg          , Gg          , Hh^Fdw      , Hh^Fdw      
Ss          , Ss          , Ss          , Chs         , Chs         , Chs         , Gs          , Ss          , Ss          , Ss          , Ss          , Gs          , Gs          , Gs          , Gs          , Gs          , Gs          , Gs          , Gg          , Gg          , Gg          , Ds          , Ds          , Ds          , Ds          , Ww          , Ww          , Ww          , Wo          , Wo          , Wo          , Ww          , Ww          , Ww          , Ss          , Gs          , Gs          , Gg          , Hh^Fdw      
Ss          , Ss          , Ss          , Ss          , Ss          , Ss          , Gs          , Gs          , Ss          , Ss          , Ss          , Ss          , Ss^Vhs      , Ss          , Ss          , Ss          , Ss          , Gg          , Ss          , Gg          , Gg          , Gg          , Ds          , Ds          , Dd^Dc       , Ds          , Ww          , Ww          , Ww          , Wo          , Wo          , Ww          , Ww          , Ww          , Ww          , Ss          , Gs          , Gg          , Gg          
Gs          , Ss          , Gs          , Gs          , Gs          , Gs          , Gs          , Ss          , Gs          , Ss          , Ss          , Ss          , Ss          , Ss          , Ss          , Ss          , Ss          , Ss          , Gg          , Gg          , Gg          , Gg          , Gg          , Ds          , Ds          , Ds          , Ds          , Ww          , Ww          , Wo          , Wo          , Wo          , Wo          , Ww          , Ww          , Ww          , Ww          , Gs          , Gs          
