border_size=1
usage=map

Gg          , Gg          , Gg          , Ai          , Ai          , Ai          , Ai          , Aa          , Gg          , Gg          , Aa          , Aa          , Aa          , Aa          , Aa          , Gg          , Aa          , Gg          , Aa          , Aa          , Gg          , Gg          , Gg          , Re          , Gg          , Gg          , Aa          , Gg          , Gg          , Gg          , Gs^Fmw      , Gg          , Gg          , Gg          
Ww          , Gg          , Gg          , Gg          , Gg^Vo       , Ai          , Ai          , Aa          , Gg          , Aa          , Aa          , Gg          , Gg          , Aa          , Gg          , Gg          , Gg          , Gg          , Aa          , Aa          , Gg          , Gg          , Re          , Re          , Gg          , Gg          , Aa          , Aa          , Ss          , Gs^Fmw      , Gs^Fmw      , Gs^Fmw      , Gg          , Gg          
Ww          , Ww          , Ww          , Gg          , Gg          , Ai          , Ai          , Gg          , Gs^Fmw      , Gs^Fmw      , Gs^Fmw      , Aa          , Aa          , Aa          , Gg          , Gg          , Aa          , Gg          , Gs^Fmw      , Gs^Fmw      , Gg          , Gg          , Re          , Gg          , Gg          , Gg          , Aa          , Aa          , Ss          , Ce          , 4 Ke        , Gs^Fmw      , Gg          , Gg          
Ww          , Ww          , Ww          , Ww          , Ww          , Ai          , Ww          , Gg          , Gg          , Gs^Fmw      , Gg          , Gs^Fmw      , Gg          , Gg          , Gg          , Gg          , Ce          , Ce          , Ce          , Gs^Fmw      , Gg          , Re          , Gg          , Gg          , Aa          , Aa          , Aa          , Ss          , Ss          , Ce          , Ce          , Ce          , Gg          , Gg          
Wo          , Ww          , Ww          , Ww          , Ww          , Ww          , Ww          , Ww          , Gg          , Gg          , Wwf         , Gg          , Gg          , Gg^Vo       , Gg          , Gg          , Ce          , 3 Ke        , Ce          , Gg          , Re          , Re          , Gg          , Gg          , Aa          , Aa^Voa      , Aa          , Aa          , Ss          , Gg          , Aa          , Gg          , Gg          , Gg          
Wo          , Wo          , Wo          , Ww          , Ww          , Ww          , Ww          , Ww          , Ww          , Ww          , Wwf         , Wwf         , Gg          , Gg          , Gg          , Gg          , Gg          , Ce          , Gg          , Gg          , Re          , Gg          , Gg          , Gg          , Gg          , Aa          , Aa          , Ss^Bw\      , Gg          , Gg          , Aa          , Aa          , Gg          , Gg          
Wo          , Wo          , Wo          , Wo          , Wo          , Ww          , Wo          , Ww          , Ww          , Ww          , Ww          , Ww          , Ww          , Gg          , Wwf         , Wwf         , Wwf         , Gg          , Gg          , Re          , Gg          , Gg          , Ce          , Gg          , Ai          , Ai          , Aa          , Ss          , Ss          , Gg          , Gg          , Aa          , Gg          , Gg          
Ww          , Wo          , Wo          , Wo          , Wo          , Wo          , Wo          , Wo          , Wo          , Wo          , Wo          , Ww          , Ww          , Ww          , Ww          , Wwf         , Wwf         , Gg          , Re          , Re          , Gg          , Gg          , Gg          , Gg          , Ai          , Ai          , Aa          , Aa          , Ss          , Ss          , Gg          , Gg          , Gg^Vo       , Gg          
Ww          , Ww          , Ww          , Ww          , Ww          , Wo          , Wo          , Wo          , Wo          , Wo          , Wo          , Wo          , Wo          , Wwf         , Wwf         , Wwf         , Ww^Bw/      , Ww^Bw/      , Wwf         , Gg          , Gg          , Ss          , Ss          , Ai          , Ds          , Gg          , Ss^Vm       , Ss          , Gg          , Gg          , Aa          , Gg          , Gg          , Gg          
Ww          , Ww          , Ww          , Ww          , Ww          , Ww          , Ww          , Wo          , Wo          , Wo          , Wo          , Wo          , Wo          , Wwr         , Wo^Bw/      , Ww^Bw/      , Wwf         , Ww          , Wwf         , Wwf         , Ds          , Ds          , Ds          , Wwf         , Wwf         , Ss          , Ss          , Gg          , Ce          , Gg          , Aa          , Aa          , Gs^Fdw      , Gs^Fmw      
Ai          , Ww          , Ww          , Ww          , Ww          , Ww          , Ww          , Ww          , Ww          , Ww          , Wwf         , Wo          , Wo^Bw/      , Wo^Bw/      , Wo          , Wwr         , Ww          , Ww          , Ww          , Wwf         , Ww          , Ds          , Ds          , Ds          , Wwf         , Ds          , Ds          , Ds          , Gs^Fmw      , Gs^Fmw      , Gs^Fdw      , Gs^Fmw      , Gs^Fdw      , Gs^Fmw      
Aa          , Ai          , Ai          , Ai          , Aa          , Ww          , Wwf         , Ww          , Wwf         , Wwf         , Wo^Bw/      , Ww^Bw/      , Wwf         , Wo          , Wo          , Wo          , Wo          , Ww          , Ww          , Ww          , Ww          , Wwf         , Wwf         , Ds          , Ds          , Wwf         , Ds          , Ds          , Ds          , Gs^Fdw      , Gg          , Gg          , Gg          , Gs^Fdw      
Aa          , Aa          , Ai          , Ai          , Aa          , Gg          , Gg          , Gg          , Re          , Ww^Bw/      , Wwf         , Wwf         , Ww^Vm       , Wwf         , Ww          , Wo          , Wo          , Wo          , Wo          , Ww          , Ww          , Ww          , Ww          , Wwf         , Wwf         , Wwf         , Ds          , Ds          , Ds          , Gg          , Gg          , Gg^Vo       , Gg          , Gs^Fmw      
Ai          , Aa          , Ai          , Aa          , Gg          , Ce          , Gg          , Re          , Gg          , Gg          , Gg          , Wwf         , Wwf         , Wwf         , Ww          , Ww          , Wo          , Wo          , Wo          , Ww          , Wo          , Ww          , Ww          , Ww          , Ww          , Wwf         , Ds          , Ce          , Ce          , Ds          , Ds          , Gg          , Gg          , Gg          
Ai          , Ai          , Aa          , Aa          , Gg          , Gg          , Re          , Re          , Gg          , Ce          , Gg          , Gg          , Gg          , Wwf         , Wwf         , Ww          , Ww          , Ww          , Wo          , Wo          , Wo          , Ww          , Wo          , Ww          , Ww          , Ww          , Ww          , Ds          , Ds          , Ke          , Ce          , Gg          , Gg          , Gg          
Aa          , Ai          , Aa          , Gg          , Gg          , Gg          , Re          , Gg          , Gg          , Gg          , Gg          , Gg          , Gg          , Gg          , Gg          , Ww          , Ww          , Ww          , Ww          , Ww          , Wo          , Wo          , Wo          , Ww          , Ww          , Ww          , Ww          , Ww          , Ww          , Ds          , Ds          , Ce          , Gg          , Gg          
Aa          , Aa          , Aa          , Gg          , Gg^Vc       , Re          , Gg          , Gg          , Ce          , Gg          , Gg          , Gs          , Gg          , Gg          , Gg          , Ww          , Ww          , Ww          , Ww          , Ww          , Wo          , Wo          , Wo          , Wo          , Ww          , Ww          , Ww          , Ww          , Ww          , Ww          , Wwf         , Ds          , Ds          , Gg          
Aa          , Aa          , Gg          , Gg          , Re          , Re          , Gg          , Ce          , 2 Ke        , Ce          , Gg          , Aa          , Aa          , Aa          , Gg          , Gg          , Gg          , Ww          , Ww          , Ww          , Ww          , Ww          , Wo          , Wo          , Wo          , Wo          , Ww          , Ww          , Ww          , Ww          , Ww          , Wwf         , Ds          , Gg          
Aa          , Gg          , Gg          , Gg          , Re          , Gg          , Gg          , Ce          , Ce          , Ce          , Gg          , Aa          , Aa^Vha      , Aa          , Aa          , Gg          , Ww          , Ww          , Ww          , Ww          , Ww          , Ww          , Ww          , Ww          , Ww          , Wo          , Wo          , Wo          , Ww          , Ww          , Ww          , Ww          , Ww          , Ds          
Gg          , Aa          , Gg          , Re          , Gg          , Gg          , Gg          , Gg          , Gg          , Gg          , Gg          , Aa          , Aa          , Aa          , Gg          , Gg          , Gg          , Gg          , Gg          , Ww          , Ww          , Ww          , Ww          , Ww          , Ww          , Wo          , Wo          , Wo          , Wo          , Wo          , Ww          , Ww          , Ww          , Ww          
Aa          , Gg          , Re          , Re          , Gg          , Aa          , Aa          , Aa          , Aa          , Gg          , Gg          , Gg          , Gg          , Aa          , Gg          , Gg          , Aa          , Aa          , Aa          , Gg          , Gg          , Ww          , Ww          , Ww          , Ww          , Ww          , Ww          , Ww          , Wo          , Wo          , Wo          , Ww          , Ww          , Ww          
Gg          , Gg          , Re          , Gg          , Gg          , Gg          , Aa          , Aa          , Aa^Vha      , Aa          , Aa          , Gg          , Gg          , Aa          , Gg          , Gg          , Aa          , Aa          , Gg          , Gg          , Gg          , Ds          , Ds          , Ww          , Ww          , Ww          , Ww          , Ww          , Wo          , Wo          , 1 Wo        , Wo          , Wo          , Ww          
Gg          , Re          , Gg          , Gg          , Aa          , Gg          , Aa          , Aa          , Aa          , Aa          , Gg          , Gg          , Gg          , Aa          , Gg          , Gg          , Gg          , Aa          , Aa^Vha      , Gg          , Gg          , Gg          , Gg          , Ds          , Ds          , Ww          , Ww          , Ww          , Ww          , Wo          , Wo          , Wo          , Wo          , Wo          
Re          , Re          , Gg          , Gg          , Aa          , Aa          , Aa          , Aa          , Aa          , Gg          , Gg          , Gg          , Gg          , Gg          , Gg          , Gg          , Aa          , Aa          , Aa          , Aa          , Gg          , Aa          , Gg          , Ds          , Ds          , Ds          , Ds          , Ww          , Ww          , Ww          , Ww          , Wo          , Wo          , Wo          
Re          , Gg          , Gg          , Gg          , Gg          , Aa          , Aa          , Aa          , Aa          , Gg          , Gg          , Gg^Vc       , Gg          , Gg          , Aa          , Aa          , Gg          , Aa          , Aa          , Aa          , Gg          , Gg          , Gg          , Gg          , Ds          , Dd^Vdt      , Ds          , Ww          , Ww          , Ww          , Ww          , Ww          , Wo          , Wo          
Gg          , Gg          , Gg          , Gg          , Gg          , Aa          , Gg          , Gg          , Gg          , Gg          , Gg          , Gg          , Gg          , Gg          , Aa          , Aa          , Gg          , Gg          , Aa          , Gg          , Gg          , Gg          , Gg          , Gg          , Gg          , Ds          , Ds          , Ds          , Ds          , Ww          , Ww          , Ww          , Ww          , Ww          
