border_size=1
usage=map

Gg          , Ds          , Ds          , Ds          , Ds          , Ds          , Ds          , Ww          , Ds          , Ww          , Ww          , Ww          , Ww          , Ww          , Ww          , Wo          , Wo          , Wo          , Wo          , Wo          , Wo          , Wo          , Wo          , Wo          , Wo          , Wo          , Wo          , Wo          , Ww          , Wo          , Wo          , Wo          , Wo          , Wo          , Wo          , Wo          , Wo          , Wo          
Gg          , Gg          , Gg          , Ce          , Ds          , Ds          , Ds          , Ds          , Ds          , Ww          , Ww          , Ww          , Ww          , Ww          , Ww          , Wo          , Wo          , Wo          , Wo          , Wo          , Wo          , Wo          , Wo          , Ww^Vm       , Ww          , Wo          , Wo          , Wwf         , Wwf         , Wo          , Wo          , Wo          , Wo          , Wo          , Ds          , Wo          , Wwr         , Wo          
Gg          , Gg          , Gg          , Gg          , Gg          , Gs^Ft       , Ds          , Ds          , Ds          , Ds          , Ds          , Ww          , Ww          , Ww^Vm       , Ww          , Ww          , Ww          , Wo          , Wo          , Wo          , Wo          , Wo          , Wo          , Ww          , Wwf         , Wo          , Ds          , Wwf         , Wwr         , Wwr         , Wwr         , Wwr         , Wwr         , Wo          , 1 Ds        , Wwr         , Wwr         , Wwr         
Gg          , Gg^Vc       , Gg          , Gg          , Hh^Fmf      , Gg          , Gg          , Ce          , Ds          , Gs^Ft       , Gs^Ft       , Ww          , Ww          , Ww          , Ww          , Ww          , Ww          , Wo          , Wo          , Wwr         , Wwr         , Wo          , Wwr         , Wwf         , Wwf         , Ds          , Ds          , Wwr         , Wwr         , Wo          , Wo          , Wwr         , Wwr         , Ds          , Wwr         , Wwr         , Wo          , Wo          
Gg          , Gg          , Gg          , Gg          , Hh^Fmf      , Gs^Fmf      , Gs^Fp       , Gg          , Gs^Ft       , Gs^Ft       , Ww          , Ww          , Gs^Ft       , Ww          , Gs^Ft       , Ww          , Ww          , Ww          , Ww          , Wwr         , Wwr         , Wwr         , Wwf         , Wwf         , Ww          , Wwf         , Ww          , Ds          , Wwr         , Wo          , Wo          , Wwr         , Wwr         , Wwr         , Ww          , Wo          , Wo          , Wo          
Gs^Fmf      , Gg          , Gg          , Gs^Fp       , Hh^Fmf      , Hh^Fp       , Hh^Fp       , Gs^Fp       , Ss          , Ss          , Ww          , Ds          , Gs^Ft       , Ss          , Gs^Ft       , Ds          , Ds          , Wwf         , Ww          , Wwf         , Wwr         , Wwr         , Ww          , Ww          , Wo          , Ww          , Wo          , Ww          , Ww^Vm       , Ww          , Wo          , Wo          , Wwr         , Wwf         , Ww          , Wo          , Wo          , Wo          
Hh^Fmf      , Hh^Fmf      , Gs^Fmf      , Hh^Fmf      , Hh^Fp       , Hh^Fp       , Hh^Fp       , Hh^Fp       , Hh^Fp       , Ww          , Hh^Fp       , Ss          , Ss          , Ss          , Ss          , Gs^Ft       , Ds          , Wwf         , Wwf         , Wwf         , Wwf         , Ww          , Wo          , Wo          , Wo          , Wo          , Wo          , Wo          , Ww          , Ww          , Ww          , Wwr         , Wo          , Wwr         , Wo          , Wo          , Wo          , Wo          
Rp          , Hh^Fp       , Hh          , Hh^Fp       , Rp          , Rp          , Rp          , Mm          , Ss          , Ss          , Hh^Fp       , Hh^Fp       , Gs^Ft       , Ss          , Ss          , Gs^Ft       , Gs^Ft       , Ds          , Wwf         , Ww          , Ww          , Ww          , Wo          , Wo          , Wwr         , Wo          , Wo          , Wo          , Wo          , Wo          , Wwr         , Wwr         , Wwr         , Wwr         , Ww          , Wo          , Wo          , Wo          
Rp          , Hh^Fp       , Mm          , Rp          , Ch          , Ch          , Ch          , Rp          , Mm          , Mm          , Mm          , Hh^Fp       , Gs          , Gs^Ft       , Gs^Ft       , Ss          , Gs^Ft       , Ds          , Ds          , Wwf         , Ww          , Wo          , Wo          , Wo          , Wo          , Wwr         , Wwr         , Wo          , Wwr         , Wo          , Wwr         , Ds          , Ds          , Wwr         , Wo          , Wo          , Wo          , Wo          
Rp          , Rp          , Rp          , Rp          , Ch          , 2 Kh        , Ch          , Rp          , Mm          , Mm^Vhh      , Mm          , Hh^Fp       , Gs          , Gs          , Gs^Ft       , Ss          , Ss          , Ce          , Ds          , Ww          , Ww          , Ww          , Wo          , Wo          , Wwr         , Wwr         , Wo          , Wwr         , Wo          , Wwr         , Ds          , Dd^Vdt      , Ww          , Wwr         , Wo          , Wo          , Wo          , Wo          
Rp          , Rp          , Rp          , Rp          , Rp          , Ch          , Rp          , Rp          , Mm          , Mm          , Mm          , Hh^Fp       , Gs          , Gs^Ft       , Gs^Ft       , Gs^Ft       , Gs^Ft       , Ce          , 3 Ke        , Ds          , Ww          , Ww          , Ww          , Wwr         , Wwr         , Wo          , Wo          , Wo          , Wo          , Wwr         , Wwr         , Wwr         , Wo          , Wo          , Wo          , Wo          , Wo          , Wo          
Mm^Vhh      , Mm          , Rp          , Rp          , Rp          , Rp          , Rp          , Rp          , Mm          , Mm          , Mm          , Hh^Fp       , Gg          , Gs^Ft       , Gs^Ft       , Gs^Ft       , Gs^Ft       , Ce          , Ce          , Ds          , Ds          , Ww          , Wwf         , Wwf         , Wo          , Wwr         , Wwr         , Ww^Vm       , Wwr         , Wwr         , Chw         , Chw         , Chw         , Wo          , Wo          , Wo          , Wwr         , Wo          
Mm          , Gs^Ft       , Rp          , Rp          , Rp          , Rp          , Mm          , Mm          , Mm          , Hh^Fp       , Hh^Fp       , Hh^Fp       , Gs          , Gs^Ft       , Gg          , Gg^Ve       , Gs^Ft       , Ds          , Ds          , Ds          , Ds          , Wwf         , Wwf         , Wo          , Wo          , Wwr         , Wo          , Wwr         , Wo          , Wwr         , Chw         , 4 Khw       , Chw         , Wo          , Wo          , Wwr         , Ww^Vm       , Wo          
Mm          , Mm          , Mm          , Rp          , Rp          , Rp          , Gg^Fet      , Mm          , Mm          , Hh^Fp       , Gg          , Gs          , Gs          , Gs          , Gs          , Gs^Ft       , Ds          , Gs^Ft       , Ds          , Ds^Dr       , Ds          , Wwf         , Ww          , Ww          , Wo          , Wwr         , Wo          , Ds          , Wwr         , Wo          , Wo          , Chw         , Wo          , Wo          , Wo          , Wo          , Wo          , Wo          
Hh^Fp       , Mm          , Mm          , Rp          , Rp          , Rp^Vhc      , Gs^Fp       , Mm          , Hh^Fp       , Hh^Fp       , Gg          , Gs^Ft       , Gs^Ft       , Gs          , Gs          , Ds          , Ds          , Ds          , Ds          , Ds          , Ds          , Ds          , Ds          , Ww          , Ww          , Wo          , Wo          , Wo          , Ds          , Wo          , Wo          , Wo          , Wo          , Wo          , Wo          , Wo          , Wo          , Wo          
Hh^Fp       , Mm          , Mm          , Mm          , Mm          , Gg^Fet      , Mm          , Gs^Fp       , Gs^Fp       , Gg          , Gs^Ft       , Gs^Ft       , Gs^Ft       , Gs          , Gs^Ft       , Ds          , Ds          , Ds          , Ds          , Ds          , Dd^Vda      , Ds          , Ww          , Ww          , Ww          , Ww          , Wo          , Wo          , Wo          , Wo          , Wo          , Wo          , Wo          , Wo          , Wo          , Wo          , Wo          , Wo          
Ww          , Hh^Fp       , Mm          , Mm          , Mm          , Mm          , Hh^Fp       , Hh^Fp       , Gg          , Gg          , Gg          , Gs^Ft       , Gs^Ft       , Gs^Ft       , Gs^Ft       , Gs^Ft       , Gs^Ft       , Gs^Ft       , Ds          , Ds          , Ds          , Ds          , Ds          , Ww          , Ww          , Wo          , Wo          , Wo          , Wo          , Wwr         , Ww^Vm       , Wo          , Wwr         , Wo          , Wo          , Wo          , Wo          , Wo          
Ww          , Hh^Fp       , Hh^Fp       , Mm          , Hh^Fp       , Hh^Fp       , Gs          , Gs          , Gs^Ft       , Gg          , Gs^Ft       , Gs^Ft       , Gs^Ft       , Gs^Ft       , Gs^Ft       , Gs^Ft       , Ds          , Gs^Ft       , Ds          , Ds          , Ds          , Ds          , Ww          , Ww          , Wo          , Wo          , Wo          , Wo          , Wo          , Wo          , Wo          , Wwr         , Wwr         , Wwr         , Wo          , Wo          , Wo          , Wo          
Ww          , Gs          , Gs          , Hh^Fp       , Gs          , Gs          , Gs          , Gg          , Gs^Ft       , Gg^Vc       , Gs^Ft       , Gs^Ft       , Gs^Ft       , Gs^Ft       , Gs^Ft       , Gs^Ft       , Ds          , Ds          , Ds          , Ds^Dr       , Ds          , Ww          , Wo          , Wo          , Wo          , Wo          , Wwr         , Wo          , Wo          , Wo          , Wo          , Wwr         , Wo          , Ww^Vm       , Wwr         , Wwr         , Wo          , Wo          
Gs^Ft       , Gs          , Gs^Ft       , Gs          , Gs^Ft       , Gs^Ft       , Gs^Ft       , Gs^Ft       , Gs^Ft       , Gs^Ft       , Gs^Ft       , Gs^Ft       , Gs^Ft       , Gs^Ft       , Gs^Ft       , Ds          , Ds          , Ds          , Ds          , Ds          , Ww          , Wwf         , Wwf         , Wo          , Wwr         , Wwr         , Wwr         , Wo          , Wo          , Wo          , Wo          , Wo          , Wo          , Wo          , Wo          , Wo          , Wo          , Wo          
Ds          , Gs^Ft       , Gs^Ft       , Gs^Ft       , Gs^Ft       , Gs^Ft       , Gs^Ft       , Gs^Ft       , Ds          , Gs^Ft       , Gs^Ft       , Gs^Ft       , Ds          , Gs^Ft       , Gs^Ft       , Ds          , Ds          , Dd^Vdt      , Ds          , Ds          , Ww          , Wwf         , Wwf         , Wo          , Wo          , Wo          , Wo          , Wo          , Wo          , Wo          , Wo          , Wo          , Wo          , Wo          , Wo          , Wo          , Wo          , Wo          
Ww          , Wwf         , Wwf         , Ds          , Wwf         , Ds          , Ds          , Ds          , Ds          , Gs^Ft       , Ds          , Gs^Ft       , Ds          , Gs^Ft       , Gs^Ft       , Gs^Ft       , Ds          , Ds          , Ds          , Wwf         , Wwf         , Wwf         , Wo          , Wwf         , Wo          , Wo          , Wo          , Wo          , Wo          , Wo          , Wo          , Wo          , Wo          , Wo          , Wo          , Wo          , Wo          , Wo          
Ww          , Ww          , Ww          , Wwf         , Wwf         , Wwf         , Wwf         , Wwf         , Ds          , Ds          , Ds          , Ds          , Ds          , Ds          , Ds          , Ds          , Ds          , Ds          , Wwf         , Ww          , Wwf         , Wo          , Wo          , Wo          , Wo          , Wo          , Wo          , Wo          , Wwr         , Wo          , Wo          , Wo          , Ww          , Ww          , Wo          , Wo          , Wo          , Wo          
Wo          , Ww          , Ww          , Ww          , Ww          , Ww          , Ww          , Ww          , Ww          , Wwf         , Wwf         , Wwf         , Wwf         , Wwf         , Wwf         , Wwf         , Ww          , Wwf         , Ww          , Wwf         , Wwf         , Wo          , Wo          , Wo          , Wo          , Wwr         , Wwr         , Wwr         , Wwr         , Wwr         , Wo          , Wo          , Wo          , Ww^Vm       , Wo          , Wo          , Wo          , Wo          
Wo          , Wo          , Wo          , Ww          , Ww          , Ww          , Ww          , Ww          , Ww          , Ww          , Ww          , Ww          , Ww          , Ww          , Ww          , Ww          , Ww          , Ww          , Wo          , Wo          , Wo          , Wo          , Wo          , Wo          , Wo          , Wo          , Wo          , Wo          , Wo          , Wo          , Wo          , Wo          , Wwr         , Wo          , Wo          , Wo          , Wo          , Wo          
Wo          , Wo          , Wo          , Wo          , Wo          , Wo          , Wo          , Ww          , Wo          , Ww          , Ww          , Ww          , Ww          , Ww          , Wo          , Ww          , Wo          , Wo          , Wo          , Wo          , Wo          , Wo          , Wo          , Wo          , Wo          , Wo          , Wo          , Wo          , Wo          , Wo          , Wo          , Wwr         , Wwr         , Wwr         , Wwr         , Wo          , Wo          , Wo          
Wo          , Wo          , Wo          , Wo          , Wwr         , Wo          , Wo          , Wo          , Wo          , Wo          , Wo          , Ww          , Wo          , Wo          , Wo          , Wo          , Wo          , Wo          , Wo          , Wo          , Wo          , Wo          , Wo          , Wo          , Wo          , Wo          , Wwr         , Wo          , Wo          , Wo          , Wo          , Wo          , Wo          , Wo          , Wo          , Wo          , Wo          , Wo          
Wo          , Wo          , Wo          , Wwr         , Wwr         , Wo          , Wo          , Wo          , Wo          , Wo          , Wo          , Wo          , Wo          , Wo          , Wo          , Wo          , Wo          , Wo          , Wo          , Wo          , Wwr         , Wwr         , Wo          , Wo          , Wo          , Wwr         , Wo          , Wo          , Wo          , Wo          , Wo          , Wo          , Wo          , Wo          , Wo          , Wo          , Wo          , Wo          
Wwr         , Wwr         , Wwr         , Wo          , Wwr         , Wwr         , Wo          , Wo          , Wo          , Wo          , Wo          , Wo          , Wo          , Wo          , Wo          , Wo          , Wo          , Wo          , Wo          , Wo          , Wo          , Wo          , Wo          , Wo          , Ds          , Wo          , Wo          , Wo          , Wo          , Wwr         , Wwr         , Wo          , Wo          , Wo          , Wo          , Wo          , Wo          , Wo          
Wwr         , Wwr         , Ww^Vm       , Wwr         , Wwr         , Wo          , Wwr         , Wo          , Ds          , Gs^Ft       , Gs^Ft       , Wo          , Wo          , Wo          , Wo          , Wo          , Wo          , Wo          , Wo          , Wo          , Wo          , Wo          , Wo          , Wwr         , Wo          , Wo          , Wo          , Wo          , Wo          , Wo          , Wo          , Wo          , Wo          , Wo          , Wo          , Wo          , Wo          , Wo          
Wwr         , Wwr         , Wwr         , Wwr         , Wwr         , Wwr         , Wwr         , Wwr         , Dd^Vdt      , Chw         , Dd^Do       , Wo          , Ww          , Wwr         , Wo          , Wo          , Wwr         , Wo          , Wo          , Wo          , Wo          , Wwr         , Wwr         , Wwr         , Wwr         , Wwr         , Wo          , Wo          , Wwr         , Ww^Vm       , Wwr         , Wo          , Wo          , Wo          , Wwr         , Wo          , Wo          , Wo          
Wo          , Wo          , Wo          , Wo          , Wwr         , Wwr         , Wwr         , Wwr         , Gs^Ft       , Chw         , Wwr         , Wwr         , Wwr         , Wwr         , Wwr         , Wwr         , Ww^Vm       , Wwr         , Wwr         , Wwr         , Wwr         , Wwr         , Wwr         , Ww^Vm       , Wwr         , Wo          , Wo          , Wwr         , Wwr         , Wo          , Wo          , Wo          , Wwr         , Wo          , Wwr         , Wwr         , Wo          , Wo          
Wo          , Wo          , Wo          , Wo          , Wo          , Wo          , Wo          , Wo          , Wo          , Gs^Ft       , Wo          , Wo          , Wo          , Wwr         , Wo          , Wo          , Wo          , Wo          , Wo          , Wwr         , Wo          , Wo          , Wo          , Wo          , Wo          , Wo          , Wo          , Wo          , Wo          , Wo          , Wo          , Wo          , Wo          , Wwr         , Wo          , Ww^Vm       , Wwr         , Wo          
Wo          , Wo          , Wo          , Wo          , Wo          , Wo          , Wo          , Wo          , Wo          , Wo          , Wo          , Wo          , Wo          , Wo          , Wo          , Wo          , Wo          , Wo          , Wo          , Wo          , Wo          , Wo          , Wo          , Wo          , Wo          , Wo          , Wo          , Wo          , Wo          , Wo          , Wo          , Wo          , Wo          , Wo          , Wo          , Wo          , Wo          , Wo          
